// Jest Snapshot v1, https://goo.gl/fbAQLP

exports[`Graph render check Graph svg render with stable data 1`] = `"<svg width=\\"300\\" height=\\"300\\"><path d=\\"M 0 0 L 0 300\\" stroke=\\"grey\\" stroke-width=\\"2\\" fill=\\"none\\"></path><path d=\\"M 0 300 L 300 300\\" stroke=\\"grey\\" stroke-width=\\"2\\" fill=\\"none\\"></path><path d=\\"M 0 0 L 300 0\\" stroke=\\"grey\\" stroke-width=\\"1\\" class=\\"horizontal-lines\\" fill=\\"none\\"></path><path d=\\"M 0 70 L 300 70\\" stroke=\\"grey\\" stroke-width=\\"1\\" class=\\"horizontal-lines\\" fill=\\"none\\"></path><path d=\\"M 0 140 L 300 140\\" stroke=\\"grey\\" stroke-width=\\"1\\" class=\\"horizontal-lines\\" fill=\\"none\\"></path><path d=\\"M 0 210 L 300 210\\" stroke=\\"grey\\" stroke-width=\\"1\\" class=\\"horizontal-lines\\" fill=\\"none\\"></path><path d=\\"M 0 280 L 300 280\\" stroke=\\"grey\\" stroke-width=\\"1\\" class=\\"horizontal-lines\\" fill=\\"none\\"></path><path d=\\"M 0 0 L 0 300\\" stroke=\\"grey\\" stroke-width=\\"1\\" class=\\"vertical-lines\\" fill=\\"none\\"></path><path d=\\"M 70 0 L 70 300\\" stroke=\\"grey\\" stroke-width=\\"1\\" class=\\"vertical-lines\\" fill=\\"none\\"></path><path d=\\"M 140 0 L 140 300\\" stroke=\\"grey\\" stroke-width=\\"1\\" class=\\"vertical-lines\\" fill=\\"none\\"></path><path d=\\"M 210 0 L 210 300\\" stroke=\\"grey\\" stroke-width=\\"1\\" class=\\"vertical-lines\\" fill=\\"none\\"></path><path d=\\"M 280 0 L 280 300\\" stroke=\\"grey\\" stroke-width=\\"1\\" class=\\"vertical-lines\\" fill=\\"none\\"></path><path d=\\"M 1 3 L 1 3 L 2 5 L 3 2 L 4 16 L 18 5\\" stroke=\\"red\\" stroke-width=\\"3\\" class=\\"graphic\\" fill=\\"none\\"></path></svg>"`;
