// Jest Snapshot v1, https://goo.gl/fbAQLP

exports[`SVGPath work correct SVGPath work correct with stable data 1`] = `"<svg><path d=\\"M 10 10 L 20 40\\" stroke=\\"black\\" stroke-width=\\"2\\" fill=\\"none\\"></path></svg>"`;
