// Jest Snapshot v1, https://goo.gl/fbAQLP

exports[`Graph render check Graph svg render with stable data 1`] = `"<path d=\\"M 1 3 L 1 3 L 2 5 L 3 2 L 4 16 L 18 5\\" stroke=\\"red\\" stroke-width=\\"3\\" fill=\\"none\\"></path>"`;
